warning: unused import: `warn`
 --> src/lib.rs:8:17
  |
8 | use log::{info, warn, error};
  |                 ^^^^
  |
  = note: `#[warn(unused_imports)]` on by default

warning: unused variable: `devices`
   --> src/hid_devices.rs:156:13
    |
156 |         let devices = self.devices.clone();
    |             ^^^^^^^ help: if this is intentional, prefix it with an underscore: `_devices`
    |
    = note: `#[warn(unused_variables)]` on by default

warning: variants `Disconnected` and `Error` are never constructed
  --> src/types/foreign_instruments_types.rs:66:5
   |
64 | pub enum DeviceState {
   |          ----------- variants in this enum
65 |     Active,
66 |     Disconnected,
   |     ^^^^^^^^^^^^
67 |     Error(String),
   |     ^^^^^
   |
   = note: `DeviceState` has derived impls for the traits `Clone` and `Debug`, but these are intentionally ignored during dead code analysis
   = note: `#[warn(dead_code)]` on by default

warning: variant `Error` is never constructed
  --> src/hid_devices.rs:16:5
   |
12 | pub enum HidEvent {
   |          -------- variant in this enum
...
16 |     Error { vendor_id: u16, product_id: u16, error: String },
   |     ^^^^^
   |
   = note: `HidEvent` has derived impls for the traits `Clone` and `Debug`, but these are intentionally ignored during dead code analysis

warning: methods `event_sender`, `stop_reader_thread`, `stop_monitoring`, and `update_device_state` are never used
   --> src/hid_devices.rs:45:12
    |
33  | impl HidDeviceManager {
    | --------------------- methods in this implementation
...
45  |     pub fn event_sender(&self) -> mpsc::UnboundedSender<HidEvent> {
    |            ^^^^^^^^^^^^
...
141 |     fn stop_reader_thread(&self, vendor_id: u16, product_id: u16) {
    |        ^^^^^^^^^^^^^^^^^^
...
233 |     pub fn stop_monitoring(&self) {
    |            ^^^^^^^^^^^^^^^
...
251 |     pub fn update_device_state(&self, vendor_id: u16, product_id: u16, state: DeviceState) {
    |            ^^^^^^^^^^^^^^^^^^^

warning: `foreign-instruments` (lib) generated 5 warnings (run `cargo fix --lib -p foreign-instruments` to apply 1 suggestion)
warning: unused import: `MidiMapping`
  --> src/main.rs:11:47
   |
11 | use crate::midi::{MidiTranslator, UsbMessage, MidiMapping};
   |                                               ^^^^^^^^^^^
   |
   = note: `#[warn(unused_imports)]` on by default

warning: unused variable: `device`
   --> src/main.rs:129:37
    |
129 | ...ext>(device: &Device<T>, desc: &rusb::DeviceDescriptor) -> Result<(), String> {
    |         ^^^^^^ help: if this is intentional, prefix it with an underscore: `_device`
    |
    = note: `#[warn(unused_variables)]` on by default

warning: variants `NoteOff`, `ProgramChange`, and `Aftertouch` are never constructed
  --> src/midi.rs:10:5
   |
8  | pub enum MidiMessage {
   |          ----------- variants in this enum
9  |     NoteOn { channel: u8, note: u8, velocity: u8 },
10 |     NoteOff { channel: u8, note: u8, velocity: u8 },
   |     ^^^^^^^
11 |     ControlChange { channel: u8, controller: u8, value: u8 },
12 |     ProgramChange { channel: u8, program: u8 },
   |     ^^^^^^^^^^^^^
13 |     PitchBend { channel: u8, value: u16 },
14 |     Aftertouch { channel: u8, pressure: u8 },
   |     ^^^^^^^^^^
   |
   = note: `MidiMessage` has derived impls for the traits `Clone` and `Debug`, but these are intentionally ignored during dead code analysis
   = note: `#[warn(dead_code)]` on by default

warning: variants `Fader`, `SmartStrip`, and `Encoder` are never constructed
  --> src/midi.rs:49:5
   |
46 | pub enum UsbMessage {
   |          ---------- variants in this enum
...
49 |     Fader { fader_id: u8, value: u8 },
   |     ^^^^^
50 |     Pad { pad_id: u8, velocity: u8, pressed: bool },
51 |     SmartStrip { strip_id: u8, value: u8 },
   |     ^^^^^^^^^^
52 |     Encoder { encoder_id: u8, delta: i8 },
   |     ^^^^^^^
   |
   = note: `UsbMessage` has derived impls for the traits `Clone` and `Debug`, but these are intentionally ignored during dead code analysis

warning: variants `ProgramChange` and `Aftertouch` are never constructed
  --> src/midi.rs:66:5
   |
63 | pub enum MidiControlMapping {
   |          ------------------ variants in this enum
...
66 |     ProgramChange { program: u8 },
   |     ^^^^^^^^^^^^^
67 |     PitchBend,
68 |     Aftertouch,
   |     ^^^^^^^^^^
   |
   = note: `MidiControlMapping` has derived impls for the traits `Clone` and `Debug`, but these are intentionally ignored during dead code analysis

warning: field `name` is never read
  --> src/types/foreign_instruments_types.rs:72:9
   |
71 | pub struct ManagedDevice {
   |            ------------- field in this struct
72 |     pub name: String,
   |         ^^^^
   |
   = note: `ManagedDevice` has derived impls for the traits `Clone` and `Debug`, but these are intentionally ignored during dead code analysis

warning: `foreign-instruments` (bin "foreigninstrumentsd") generated 6 warnings (run `cargo fix --bin "foreigninstrumentsd"` to apply 1 suggestion)
    Finished `dev` profile [unoptimized + debuginfo] target(s) in 0.11s
     Running `target/debug/foreigninstrumentsd`
[2025-07-17T04:37:48Z INFO  foreigninstrumentsd::midi] Virtual MIDI port 'Foreign Instruments Virtual Port' created
[2025-07-17T04:37:48Z DEBUG foreigninstrumentsd::midi] Sending MIDI message: NoteOn { channel: 0, note: 60, velocity: 64 } -> [90, 3C, 40]
[2025-07-17T04:37:48Z INFO  foreigninstrumentsd::midi] Sent MIDI message: NoteOn { channel: 0, note: 60, velocity: 64 }
[2025-07-17T04:37:48Z INFO  foreigninstrumentsd] Listening for hotplug events for Native Instruments and common MIDI devices. Press Ctrl+C to exit.
[2025-07-17T04:39:52Z INFO  foreigninstrumentsd] New device with state Disconnected: ManagedDevice { name: "Device 17cc:1500", vendor_id: 6092, product_id: 5376, state: Disconnected }
[2025-07-17T04:39:52Z INFO  foreigninstrumentsd] [HOTPLUG] Disconnected: Bus 007 Device 006 ID 17cc:1500
[2025-07-17T04:39:55Z INFO  foreigninstrumentsd] Device initialization successful for 17cc:1500
[2025-07-17T04:39:55Z INFO  foreigninstrumentsd] Device state transition: Disconnected -> Active for ManagedDevice { name: "Device 17cc:1500", vendor_id: 6092, product_id: 5376, state: Active }
[2025-07-17T04:39:55Z INFO  foreigninstrumentsd] [HOTPLUG] Connected: Bus 007 Device 007 ID 17cc:1500
[2025-07-17T04:39:55Z DEBUG foreigninstrumentsd::midi] Sending MIDI message: ControlChange { channel: 0, controller: 123, value: 127 } -> [B0, 7B, 7F]
[2025-07-17T04:39:55Z INFO  foreigninstrumentsd::midi] Sent MIDI message: ControlChange { channel: 0, controller: 123, value: 127 }
[2025-07-17T04:39:55Z DEBUG foreigninstrumentsd::midi] Sending MIDI message: ControlChange { channel: 0, controller: 123, value: 0 } -> [B0, 7B, 00]
[2025-07-17T04:39:55Z INFO  foreigninstrumentsd::midi] Sent MIDI message: ControlChange { channel: 0, controller: 123, value: 0 }
[2025-07-17T04:39:55Z DEBUG foreigninstrumentsd::midi] Sending MIDI message: NoteOn { channel: 0, note: 36, velocity: 100 } -> [90, 24, 64]
[2025-07-17T04:39:55Z INFO  foreigninstrumentsd::midi] Sent MIDI message: NoteOn { channel: 0, note: 36, velocity: 100 }
[2025-07-17T04:39:55Z DEBUG foreigninstrumentsd::midi] Sending MIDI message: NoteOn { channel: 0, note: 36, velocity: 0 } -> [90, 24, 00]
[2025-07-17T04:39:55Z INFO  foreigninstrumentsd::midi] Sent MIDI message: NoteOn { channel: 0, note: 36, velocity: 0 }
[2025-07-17T04:39:56Z DEBUG foreigninstrumentsd::midi] Sending MIDI message: ControlChange { channel: 0, controller: 16, value: 64 } -> [B0, 10, 40]
[2025-07-17T04:39:56Z INFO  foreigninstrumentsd::midi] Sent MIDI message: ControlChange { channel: 0, controller: 16, value: 64 }
[2025-07-17T04:39:56Z DEBUG foreigninstrumentsd::midi] Sending MIDI message: ControlChange { channel: 0, controller: 16, value: 127 } -> [B0, 10, 7F]
[2025-07-17T04:39:56Z INFO  foreigninstrumentsd::midi] Sent MIDI message: ControlChange { channel: 0, controller: 16, value: 127 }
[2025-07-17T04:43:45Z INFO  foreigninstrumentsd] Device state transition: Active -> Disconnected for ManagedDevice { name: "Device 17cc:1500", vendor_id: 6092, product_id: 5376, state: Disconnected }
[2025-07-17T04:43:45Z INFO  foreigninstrumentsd] [HOTPLUG] Disconnected: Bus 007 Device 007 ID 17cc:1500
[2025-07-17T04:43:49Z INFO  foreigninstrumentsd] Device initialization successful for 17cc:1500
[2025-07-17T04:43:49Z INFO  foreigninstrumentsd] Device state transition: Disconnected -> Active for ManagedDevice { name: "Device 17cc:1500", vendor_id: 6092, product_id: 5376, state: Active }
[2025-07-17T04:43:49Z INFO  foreigninstrumentsd] [HOTPLUG] Connected: Bus 007 Device 008 ID 17cc:1500
[2025-07-17T04:43:49Z DEBUG foreigninstrumentsd::midi] Sending MIDI message: ControlChange { channel: 0, controller: 123, value: 127 } -> [B0, 7B, 7F]
[2025-07-17T04:43:49Z INFO  foreigninstrumentsd::midi] Sent MIDI message: ControlChange { channel: 0, controller: 123, value: 127 }
[2025-07-17T04:43:49Z DEBUG foreigninstrumentsd::midi] Sending MIDI message: ControlChange { channel: 0, controller: 123, value: 0 } -> [B0, 7B, 00]
[2025-07-17T04:43:49Z INFO  foreigninstrumentsd::midi] Sent MIDI message: ControlChange { channel: 0, controller: 123, value: 0 }
[2025-07-17T04:43:49Z DEBUG foreigninstrumentsd::midi] Sending MIDI message: NoteOn { channel: 0, note: 36, velocity: 100 } -> [90, 24, 64]
[2025-07-17T04:43:49Z INFO  foreigninstrumentsd::midi] Sent MIDI message: NoteOn { channel: 0, note: 36, velocity: 100 }
[2025-07-17T04:43:49Z DEBUG foreigninstrumentsd::midi] Sending MIDI message: NoteOn { channel: 0, note: 36, velocity: 0 } -> [90, 24, 00]
[2025-07-17T04:43:49Z INFO  foreigninstrumentsd::midi] Sent MIDI message: NoteOn { channel: 0, note: 36, velocity: 0 }
[2025-07-17T04:43:50Z DEBUG foreigninstrumentsd::midi] Sending MIDI message: ControlChange { channel: 0, controller: 16, value: 64 } -> [B0, 10, 40]
[2025-07-17T04:43:50Z INFO  foreigninstrumentsd::midi] Sent MIDI message: ControlChange { channel: 0, controller: 16, value: 64 }
[2025-07-17T04:43:50Z DEBUG foreigninstrumentsd::midi] Sending MIDI message: ControlChange { channel: 0, controller: 16, value: 127 } -> [B0, 10, 7F]
[2025-07-17T04:43:50Z INFO  foreigninstrumentsd::midi] Sent MIDI message: ControlChange { channel: 0, controller: 16, value: 127 }
[2025-07-17T04:44:01Z INFO  foreigninstrumentsd] Device state transition: Active -> Disconnected for ManagedDevice { name: "Device 17cc:1500", vendor_id: 6092, product_id: 5376, state: Disconnected }
[2025-07-17T04:44:01Z INFO  foreigninstrumentsd] [HOTPLUG] Disconnected: Bus 007 Device 008 ID 17cc:1500
[2025-07-17T04:44:04Z INFO  foreigninstrumentsd] Device initialization successful for 17cc:1500
[2025-07-17T04:44:04Z INFO  foreigninstrumentsd] Device state transition: Disconnected -> Active for ManagedDevice { name: "Device 17cc:1500", vendor_id: 6092, product_id: 5376, state: Active }
[2025-07-17T04:44:04Z INFO  foreigninstrumentsd] [HOTPLUG] Connected: Bus 007 Device 009 ID 17cc:1500
[2025-07-17T04:44:04Z DEBUG foreigninstrumentsd::midi] Sending MIDI message: ControlChange { channel: 0, controller: 123, value: 127 } -> [B0, 7B, 7F]
[2025-07-17T04:44:04Z INFO  foreigninstrumentsd::midi] Sent MIDI message: ControlChange { channel: 0, controller: 123, value: 127 }
[2025-07-17T04:44:04Z DEBUG foreigninstrumentsd::midi] Sending MIDI message: ControlChange { channel: 0, controller: 123, value: 0 } -> [B0, 7B, 00]
[2025-07-17T04:44:04Z INFO  foreigninstrumentsd::midi] Sent MIDI message: ControlChange { channel: 0, controller: 123, value: 0 }
[2025-07-17T04:44:04Z DEBUG foreigninstrumentsd::midi] Sending MIDI message: NoteOn { channel: 0, note: 36, velocity: 100 } -> [90, 24, 64]
[2025-07-17T04:44:04Z INFO  foreigninstrumentsd::midi] Sent MIDI message: NoteOn { channel: 0, note: 36, velocity: 100 }
[2025-07-17T04:44:04Z DEBUG foreigninstrumentsd::midi] Sending MIDI message: NoteOn { channel: 0, note: 36, velocity: 0 } -> [90, 24, 00]
[2025-07-17T04:44:04Z INFO  foreigninstrumentsd::midi] Sent MIDI message: NoteOn { channel: 0, note: 36, velocity: 0 }
[2025-07-17T04:44:05Z DEBUG foreigninstrumentsd::midi] Sending MIDI message: ControlChange { channel: 0, controller: 16, value: 64 } -> [B0, 10, 40]
[2025-07-17T04:44:05Z INFO  foreigninstrumentsd::midi] Sent MIDI message: ControlChange { channel: 0, controller: 16, value: 64 }
[2025-07-17T04:44:05Z DEBUG foreigninstrumentsd::midi] Sending MIDI message: ControlChange { channel: 0, controller: 16, value: 127 } -> [B0, 10, 7F]
[2025-07-17T04:44:05Z INFO  foreigninstrumentsd::midi] Sent MIDI message: ControlChange { channel: 0, controller: 16, value: 127 }
[2025-07-17T04:46:30Z INFO  foreigninstrumentsd] New device with state Disconnected: ManagedDevice { name: "Device 1bcf:0005", vendor_id: 7119, product_id: 5, state: Disconnected }
[2025-07-17T04:46:30Z INFO  foreigninstrumentsd] [HOTPLUG] Disconnected: Bus 001 Device 011 ID 1bcf:0005
[2025-07-17T04:46:32Z INFO  foreigninstrumentsd] Device initialization successful for 1bcf:0005
[2025-07-17T04:46:32Z INFO  foreigninstrumentsd] Device state transition: Disconnected -> Active for ManagedDevice { name: "Device 1bcf:0005", vendor_id: 7119, product_id: 5, state: Active }
[2025-07-17T04:46:32Z INFO  foreigninstrumentsd] [HOTPLUG] Connected: Bus 001 Device 013 ID 1bcf:0005
[2025-07-17T04:46:32Z DEBUG foreigninstrumentsd::midi] No translation found for USB message: Button { button_id: 0, pressed: true }
[2025-07-17T04:46:32Z DEBUG foreigninstrumentsd::midi] No translation found for USB message: Button { button_id: 0, pressed: false }
[2025-07-17T04:46:32Z DEBUG foreigninstrumentsd::midi] No translation found for USB message: Pad { pad_id: 0, velocity: 100, pressed: true }
[2025-07-17T04:46:32Z DEBUG foreigninstrumentsd::midi] No translation found for USB message: Pad { pad_id: 0, velocity: 0, pressed: false }
[2025-07-17T04:46:32Z DEBUG foreigninstrumentsd::midi] No translation found for USB message: Knob { knob_id: 0, value: 64 }
[2025-07-17T04:46:32Z DEBUG foreigninstrumentsd::midi] No translation found for USB message: Knob { knob_id: 0, value: 127 }
[2025-07-17T04:46:47Z INFO  foreigninstrumentsd] Device state transition: Active -> Disconnected for ManagedDevice { name: "Device 17cc:1500", vendor_id: 6092, product_id: 5376, state: Disconnected }
[2025-07-17T04:46:47Z INFO  foreigninstrumentsd] [HOTPLUG] Disconnected: Bus 007 Device 009 ID 17cc:1500
[2025-07-17T04:46:52Z INFO  foreigninstrumentsd] Device initialization successful for 17cc:1500
[2025-07-17T04:46:52Z INFO  foreigninstrumentsd] Device state transition: Disconnected -> Active for ManagedDevice { name: "Device 17cc:1500", vendor_id: 6092, product_id: 5376, state: Active }
[2025-07-17T04:46:52Z INFO  foreigninstrumentsd] [HOTPLUG] Connected: Bus 007 Device 010 ID 17cc:1500
[2025-07-17T04:46:52Z DEBUG foreigninstrumentsd::midi] Sending MIDI message: ControlChange { channel: 0, controller: 123, value: 127 } -> [B0, 7B, 7F]
[2025-07-17T04:46:52Z INFO  foreigninstrumentsd::midi] Sent MIDI message: ControlChange { channel: 0, controller: 123, value: 127 }
[2025-07-17T04:46:52Z DEBUG foreigninstrumentsd::midi] Sending MIDI message: ControlChange { channel: 0, controller: 123, value: 0 } -> [B0, 7B, 00]
[2025-07-17T04:46:52Z INFO  foreigninstrumentsd::midi] Sent MIDI message: ControlChange { channel: 0, controller: 123, value: 0 }
[2025-07-17T04:46:52Z DEBUG foreigninstrumentsd::midi] Sending MIDI message: NoteOn { channel: 0, note: 36, velocity: 100 } -> [90, 24, 64]
[2025-07-17T04:46:52Z INFO  foreigninstrumentsd::midi] Sent MIDI message: NoteOn { channel: 0, note: 36, velocity: 100 }
[2025-07-17T04:46:52Z DEBUG foreigninstrumentsd::midi] Sending MIDI message: NoteOn { channel: 0, note: 36, velocity: 0 } -> [90, 24, 00]
[2025-07-17T04:46:52Z INFO  foreigninstrumentsd::midi] Sent MIDI message: NoteOn { channel: 0, note: 36, velocity: 0 }
[2025-07-17T04:46:52Z DEBUG foreigninstrumentsd::midi] Sending MIDI message: ControlChange { channel: 0, controller: 16, value: 64 } -> [B0, 10, 40]
[2025-07-17T04:46:52Z INFO  foreigninstrumentsd::midi] Sent MIDI message: ControlChange { channel: 0, controller: 16, value: 64 }
[2025-07-17T04:46:52Z DEBUG foreigninstrumentsd::midi] Sending MIDI message: ControlChange { channel: 0, controller: 16, value: 127 } -> [B0, 10, 7F]
[2025-07-17T04:46:52Z INFO  foreigninstrumentsd::midi] Sent MIDI message: ControlChange { channel: 0, controller: 16, value: 127 }
[2025-07-17T04:47:24Z INFO  foreigninstrumentsd] Device state transition: Active -> Disconnected for ManagedDevice { name: "Device 1bcf:0005", vendor_id: 7119, product_id: 5, state: Disconnected }
[2025-07-17T04:47:24Z INFO  foreigninstrumentsd] [HOTPLUG] Disconnected: Bus 001 Device 013 ID 1bcf:0005
[2025-07-17T04:47:26Z INFO  foreigninstrumentsd] Device initialization successful for 1bcf:0005
[2025-07-17T04:47:26Z INFO  foreigninstrumentsd] Device state transition: Disconnected -> Active for ManagedDevice { name: "Device 1bcf:0005", vendor_id: 7119, product_id: 5, state: Active }
[2025-07-17T04:47:26Z INFO  foreigninstrumentsd] [HOTPLUG] Connected: Bus 001 Device 014 ID 1bcf:0005
[2025-07-17T04:47:26Z DEBUG foreigninstrumentsd::midi] No translation found for USB message: Button { button_id: 0, pressed: true }
[2025-07-17T04:47:27Z DEBUG foreigninstrumentsd::midi] No translation found for USB message: Button { button_id: 0, pressed: false }
[2025-07-17T04:47:27Z DEBUG foreigninstrumentsd::midi] No translation found for USB message: Pad { pad_id: 0, velocity: 100, pressed: true }
[2025-07-17T04:47:27Z DEBUG foreigninstrumentsd::midi] No translation found for USB message: Pad { pad_id: 0, velocity: 0, pressed: false }
[2025-07-17T04:47:27Z DEBUG foreigninstrumentsd::midi] No translation found for USB message: Knob { knob_id: 0, value: 64 }
[2025-07-17T04:47:27Z DEBUG foreigninstrumentsd::midi] No translation found for USB message: Knob { knob_id: 0, value: 127 }
